// Jest Snapshot v1, https://goo.gl/fbAQLP

exports[`Test /session route get current 1`] = `
Object {
  "createdAt": Any<String>,
  "uid": Any<String>,
  "updatedAt": null,
  "user": Object {
    "createdAt": Any<String>,
    "id": Any<Number>,
    "loggedInAt": Any<String>,
    "role": Object {
      "createdAt": Any<String>,
      "id": 200,
      "name": "userRoleName",
      "posts_create": 0,
      "posts_delete": 0,
      "posts_read": 0,
      "posts_update": 0,
      "roles_create": 0,
      "roles_delete": 0,
      "roles_read": 0,
      "roles_update": 0,
      "updatedAt": null,
      "users_create": 0,
      "users_delete": 0,
      "users_read": 0,
      "users_update": 0,
    },
    "roleId": 200,
    "updatedAt": Any<String>,
    "username": "testUser1",
  },
  "userId": 10,
  "valid": 1,
}
`;
