// Jest Snapshot v1, https://goo.gl/fbAQLP

exports[`Test /session route get current 1`] = `
Object {
  "createdAt": Any<String>,
  "uid": Any<String>,
  "updatedAt": null,
  "user": Object {
    "createdAt": Any<String>,
    "id": Any<Number>,
    "loggedInAt": Any<String>,
    "role": Object {
      "createdAt": Any<String>,
      "id": 200,
      "name": "userRoleName",
      "post_create": 0,
      "post_delete": 0,
      "post_read": 0,
      "post_update": 0,
      "role_create": 0,
      "role_delete": 0,
      "role_read": 0,
      "role_update": 0,
      "updatedAt": null,
      "user_create": 0,
      "user_delete": 0,
      "user_read": 0,
      "user_update": 0,
    },
    "roleId": 200,
    "updatedAt": Any<String>,
    "username": "testUser1",
  },
  "userId": 10,
  "valid": 1,
}
`;
