// Jest Snapshot v1, https://goo.gl/fbAQLP

exports[`Test create crud function Insert 1`] = `
Object {
  "result": Object {
    "createdAt": Any<Date>,
    "id": Any<Number>,
    "name": Any<String>,
    "post_create": 0,
    "post_delete": 0,
    "post_read": 0,
    "post_update": 0,
    "role_create": 0,
    "role_delete": 0,
    "role_read": 0,
    "role_update": 0,
    "updatedAt": null,
    "user_create": 0,
    "user_delete": 0,
    "user_read": 0,
    "user_update": 0,
  },
  "statusCode": 201,
}
`;

exports[`Test create crud function Insert duplicate 1`] = `
Object {
  "statusCode": 409,
}
`;
