// Jest Snapshot v1, https://goo.gl/fbAQLP

exports[`Test update crud function Remove virtual properties 1`] = `
Object {
  "author": "me",
  "contents": "test contents",
  "createdAt": Any<Date>,
  "id": 0,
  "title": "New Post Title",
  "titleWithAuthor": "New Post Title by me",
  "updatedAt": Any<Date>,
}
`;

exports[`Test update crud function Update 1`] = `
Object {
  "createdAt": Any<Date>,
  "id": 10,
  "name": "New Name",
  "post_create": 0,
  "post_delete": 0,
  "post_read": 0,
  "post_update": 0,
  "role_create": 0,
  "role_delete": 0,
  "role_read": 0,
  "role_update": 0,
  "updatedAt": Any<Date>,
  "user_create": 0,
  "user_delete": 0,
  "user_read": 0,
  "user_update": 0,
}
`;

exports[`Test update crud function Update to duplicate 1`] = `
Object {
  "statusCode": 409,
}
`;
